Block validation: Expected attributes (2) [Array(3), Array(3)]0: (3) ['class', 'wp-block-stackable-columns alignfull stk-block-col… stk-block-background stk--has-background-overlay', true]1: (3) ['data-block-id', '1842215', true]length: 2[[Prototype]]: Array(0), instead saw (3) [Array(3), Array(3), Array(3)].
console.<computed> @ console.js:32
(anonymous) @ blocks.min.js?ver=84530c06a3c62815b497:19
(anonymous) @ blocks.min.js?ver=84530c06a3c62815b497:19
fo @ blocks.min.js?ver=84530c06a3c62815b497:19
(anonymous) @ blocks.min.js?ver=84530c06a3c62815b497:19
ho @ blocks.min.js?ver=84530c06a3c62815b497:19
(anonymous) @ core-data.min.js?ver=64479bc080c558e99158:2
Wt @ react-dom.min.js?ver=18.3.1.1:10
e.useMemo @ react.min.js?ver=18.3.1.1:10
An @ core-data.min.js?ver=64479bc080c558e99158:2
(anonymous) @ editor.min.js?ver=e143f7bc0f4773342f31:14
(anonymous) @ editor.min.js?ver=e143f7bc0f4773342f31:14
ht @ react-dom.min.js?ver=18.3.1.1:10
vr @ react-dom.min.js?ver=18.3.1.1:10
Qs @ react-dom.min.js?ver=18.3.1.1:10
wl @ react-dom.min.js?ver=18.3.1.1:10
bl @ react-dom.min.js?ver=18.3.1.1:10
yl @ react-dom.min.js?ver=18.3.1.1:10
fl @ react-dom.min.js?ver=18.3.1.1:10
Nn @ react-dom.min.js?ver=18.3.1.1:10
pl @ react-dom.min.js?ver=18.3.1.1:10
V @ react-dom.min.js?ver=18.3.1.1:10
Je @ react-dom.min.js?ver=18.3.1.1:10
pe @ react-dom.min.js?ver=18.3.1.1:10
fe @ react-dom.min.js?ver=18.3.1.1:10Understand this warning
console.js:32 Block validation: Block validation failed for `stackable/columns` ({name: 'stackable/columns', icon: {…}, keywords: Array(2), attributes: {…}, providesContext: {…}, …}apiVersion: 3attributes: {uniqueId: {…}, hasBackground: {…}, hasBorders: {…}, backgroundColorScheme: {…}, blockStyle: {…}, …}blockHooks: []category: "stackable"deprecated: (6) [{…}, {…}, {…}, {…}, {…}, {…}]description: "Multiple columns with advanced layout options."edit: t=> {…}example: {name: 'stackable/columns', attributes: {…}, innerBlocks: Array(2)}getEditWrapperProps: ()=>({"data-align":void 0})icon: {src: ƒ}keywords: (2) ['Section rows', 'Container']name: "stackable/columns"providesContext: {stackable/innerBlockOrientation: 'columnJustify', stackable/columnWrapDesktop: 'columnWrapDesktop'}save: n=>(0,a.createElement)(t,(0,o.Z)({},n,{version:e}))selectors: []stk-available-states: (2) ['enabled', 'hidden']stk-demo: "https://wpstackable.com/columns-block/?utm_source=welcome&utm_medium=settings&utm_campaign=view_demo&utm_content=demolink"stk-type: "essential"styles: []supports: {anchor: true, align: Array(3), stkAlign: true, stkLayoutReset: false, stkSaveBlockStyle: false, …}textdomain: "stackable-ultimate-gutenberg-blocks"title: "Columns"transforms: {from: Array(1)}usesContext: (3) ['postId', 'postType', 'queryId']variations: (7) [{…}, {…}, {…}, {…}, {…}, {…}, {…}]__experimentalLabel: (e,{context:t})=> {…}[[Prototype]]: Object).

Content generated by `save` function:

<div class="wp-block-stackable-columns alignfull stk-block-columns stk-block stk-1842215 stk-block-background stk--has-background-overlay" data-block-id="1842215"><style>    .stk-1842215 .stk--block-align-1842215 {      align-items: center !important;    }    .stk-1842215 {      background-color: #000000e0 !important;      background-image: url(https://thegood.com/wp-content/uploads/TheGood_122021-179-scaled.jpg) !important;      background-position: center center !important;      align-items: flex-start !important;      padding-top: 168px !important;      padding-bottom: 110px !important;      margin-bottom: -68px !important;      display: flex !important;      top: -68px !important;    }    .stk-1842215:before {      background-color: #000000e0 !important;      opacity: 0.8 !important;    }    .stk-1842215> .stk-separator__bottom .stk-separator__wrapper {      height: 30px !important;    }    .stk-1842215-column {      --stk-column-gap: 100px !important;    }    @media screen and (max-width: 767px) {      .stk-1842215 {        padding-top: 120px !important;        padding-bottom: 43px !important;        margin-bottom: 0px !important;      }    }</style><style class="stk-custom-css">    @media screen and (max-width: 767px) {      .stk-1842215 .hero-video.stk-a9aa058 .stk-block-column__content {        padding-left: 10px !important;        padding-right: 10px !important;      }    }  </style><div class="stk-row stk-inner-blocks stk--block-align-1842215 stk-block-content stk-content-align stk-1842215-column alignwide"></div></div>

Content retrieved from post body:

<div class="wp-block-stackable-columns alignfull stk-block-columns stk-block stk-1842215 stk-block-background stk--has-background-overlay" data-block-id="1842215" style="margin-left:0;margin-right:0"> <style>    .stk-1842215 .stk--block-align-1842215 {      align-items: center !important;    }    .stk-1842215 {      background-color: #000000e0 !important;      background-image: url(https://thegood.com/wp-content/uploads/TheGood_122021-179-scaled.jpg) !important;      background-position: center center !important;      align-items: flex-start !important;      padding-top: 168px !important;      padding-bottom: 110px !important;      margin-bottom: -68px !important;      display: flex !important;      top: -68px !important;    }    .stk-1842215:before {      background-color: #000000e0 !important;      opacity: 0.8 !important;    }    .stk-1842215> .stk-separator__bottom .stk-separator__wrapper {      height: 30px !important;    }    .stk-1842215-column {      --stk-column-gap: 100px !important;    }    @media screen and (max-width: 767px) {      .stk-1842215 {        padding-top: 120px !important;        padding-bottom: 43px !important;        margin-bottom: 0px !important;      }    }</style><style class="stk-custom-css">    @media screen and (max-width: 767px) {      .stk-1842215 .hero-video.stk-a9aa058 .stk-block-column__content {        padding-left: 10px !important;        padding-right: 10px !important;      }    }  </style> <div class="stk-row stk-inner-blocks stk--block-align-1842215 stk-block-content stk-content-align stk-1842215-column alignwide"> 

 </div></div>
console.<computed> @ console.js:32
(anonymous) @ blocks.min.js?ver=84530c06a3c62815b497:19
(anonymous) @ blocks.min.js?ver=84530c06a3c62815b497:19
fo @ blocks.min.js?ver=84530c06a3c62815b497:19
(anonymous) @ blocks.min.js?ver=84530c06a3c62815b497:19
ho @ blocks.min.js?ver=84530c06a3c62815b497:19
(anonymous) @ core-data.min.js?ver=64479bc080c558e99158:2
Wt @ react-dom.min.js?ver=18.3.1.1:10
e.useMemo @ react.min.js?ver=18.3.1.1:10
An @ core-data.min.js?ver=64479bc080c558e99158:2
(anonymous) @ editor.min.js?ver=e143f7bc0f4773342f31:14
(anonymous) @ editor.min.js?ver=e143f7bc0f4773342f31:14
ht @ react-dom.min.js?ver=18.3.1.1:10
vr @ react-dom.min.js?ver=18.3.1.1:10
Qs @ react-dom.min.js?ver=18.3.1.1:10
wl @ react-dom.min.js?ver=18.3.1.1:10
bl @ react-dom.min.js?ver=18.3.1.1:10
yl @ react-dom.min.js?ver=18.3.1.1:10
fl @ react-dom.min.js?ver=18.3.1.1:10
Nn @ react-dom.min.js?ver=18.3.1.1:10
pl @ react-dom.min.js?ver=18.3.1.1:10
V @ react-dom.min.js?ver=18.3.1.1:10
Je @ react-dom.min.js?ver=18.3.1.1:10
pe @ react-dom.min.js?ver=18.3.1.1:10
fe @ react-dom.min.js?ver=18.3.1.1:10Understand this error
console.js:32 Block validation: Expected attribute `d` of value `M8.6,15.85H1.1C0.37,13.48,0,11,0,8.44S0.68,3.83,2.04,2.3C3.4,0.77,5.41,0,8.09,0v3.62   c-2.16,0-3.23,1.32-3.23,3.95V8.8H8.6V15.85z M19.53,15.85h-7.5c-0.74-2.37-1.1-4.84-1.1-7.41s0.68-4.61,2.04-6.14   C14.33,0.77,16.34,0,19.02,0v3.62c-2.16,0-3.23,1.32-3.23,3.95V8.8h3.75V15.85z`, saw `M8.6,15.85H1.1C0.37,13.48,0,11,0,8.44S0.68,3.83,2.04,2.3C3.4,0.77,5.41,0,8.09,0v3.62 c-2.16,0-3.23,1.32-3.23,3.95V8.8H8.6V15.85z M19.53,15.85h-7.5c-0.74-2.37-1.1-4.84-1.1-7.41s0.68-4.61,2.04-6.14 C14.33,0.77,16.34,0,19.02,0v3.62c-2.16,0-3.23,1.32-3.23,3.95V8.8h3.75V15.85z`.
console.<computed> @ console.js:32
(anonymous) @ blocks.min.js?ver=84530c06a3c62815b497:19
(anonymous) @ blocks.min.js?ver=84530c06a3c62815b497:19
fo @ blocks.min.js?ver=84530c06a3c62815b497:19
(anonymous) @ blocks.min.js?ver=84530c06a3c62815b497:19
fo @ blocks.min.js?ver=84530c06a3c62815b497:19
(anonymous) @ blocks.min.js?ver=84530c06a3c62815b497:19
fo @ blocks.min.js?ver=84530c06a3c62815b497:19
(anonymous) @ blocks.min.js?ver=84530c06a3c62815b497:19
fo @ blocks.min.js?ver=84530c06a3c62815b497:19
(anonymous) @ blocks.min.js?ver=84530c06a3c62815b497:19
fo @ blocks.min.js?ver=84530c06a3c62815b497:19
(anonymous) @ blocks.min.js?ver=84530c06a3c62815b497:19
fo @ blocks.min.js?ver=84530c06a3c62815b497:19
(anonymous) @ blocks.min.js?ver=84530c06a3c62815b497:19
ho @ blocks.min.js?ver=84530c06a3c62815b497:19
(anonymous) @ core-data.min.js?ver=64479bc080c558e99158:2
Wt @ react-dom.min.js?ver=18.3.1.1:10
e.useMemo @ react.min.js?ver=18.3.1.1:10
An @ core-data.min.js?ver=64479bc080c558e99158:2
(anonymous) @ editor.min.js?ver=e143f7bc0f4773342f31:14
(anonymous) @ editor.min.js?ver=e143f7bc0f4773342f31:14
ht @ react-dom.min.js?ver=18.3.1.1:10
vr @ react-dom.min.js?ver=18.3.1.1:10
Qs @ react-dom.min.js?ver=18.3.1.1:10
wl @ react-dom.min.js?ver=18.3.1.1:10
bl @ react-dom.min.js?ver=18.3.1.1:10
yl @ react-dom.min.js?ver=18.3.1.1:10
fl @ react-dom.min.js?ver=18.3.1.1:10
Nn @ react-dom.min.js?ver=18.3.1.1:10
pl @ react-dom.min.js?ver=18.3.1.1:10
V @ react-dom.min.js?ver=18.3.1.1:10
Je @ react-dom.min.js?ver=18.3.1.1:10
pe @ react-dom.min.js?ver=18.3.1.1:10
fe @ react-dom.min.js?ver=18.3.1.1:10Understand this warning
console.js:32 Block validation: Block validation failed for `stackable/icon` ({name: 'stackable/icon', icon: {…}, keywords: Array(1), attributes: {…}, providesContext: {…}, …}).

Content generated by `save` function:

<div class="wp-block-stackable-icon stk-block-icon has-text-align-left stk-block stk-251c7a4" data-block-id="251c7a4"><style>                          .stk-251c7a4 {                            padding-top: 0px !important;                            padding-right: 0px !important;                            padding-bottom: 0px !important;                            padding-left: 0px !important;                            margin-top: -34px !important;                            margin-bottom: 8px !important;                          }                          .stk-251c7a4                            .stk--svg-wrapper                            .stk--inner-svg                            svg:last-child {                            height: 36px !important;                            width: 36px !important;                          }                          .stk-251c7a4                            .stk--svg-wrapper                            .stk--inner-svg                            svg:last-child,                          .stk-251c7a4                            .stk--svg-wrapper                            .stk--inner-svg                            svg:last-child                            :is(g, path, rect, polygon, ellipse) {                            fill: #0277c0 !important;                          }                          @media screen and (max-width: 767px) {                            .stk-251c7a4 {                              margin-top: -26px !important;                            }                          }</style><span class="stk--svg-wrapper"><div class="stk--inner-svg"><svg style="height:0;width:0"><defs><linearGradient id="linear-gradient-251c7a4" x1="0" x2="100%" y1="0" y2="0"><stop offset="0%" style="stop-opacity:1;stop-color:var(--linear-gradient-251-c-7-a-4-color-1)"></stop><stop offset="100%" style="stop-opacity:1;stop-color:var(--linear-gradient-251-c-7-a-4-color-2)"></stop></linearGradient></defs></svg><svg class="ugb-custom-icon" xmlns="http://www.w3.org/2000/svg" xmlns:xlink="http://www.w3.org/1999/xlink" version="1.1" id="Layer_1" x="0px" y="0px" viewBox="0 0 19.53 15.85" style="enable-background:new 0 0 19.53 15.85;" xml:space="preserve" aria-hidden="true" width="32" height="32">
<style type="text/css">
	.st0{fill:#0776BB;}
</style>
<g id="Quote_Top_00000065754973582463273300000007695530857758290098_">
	<path class="st0" d="M8.6,15.85H1.1C0.37,13.48,0,11,0,8.44S0.68,3.83,2.04,2.3C3.4,0.77,5.41,0,8.09,0v3.62   c-2.16,0-3.23,1.32-3.23,3.95V8.8H8.6V15.85z M19.53,15.85h-7.5c-0.74-2.37-1.1-4.84-1.1-7.41s0.68-4.61,2.04-6.14   C14.33,0.77,16.34,0,19.02,0v3.62c-2.16,0-3.23,1.32-3.23,3.95V8.8h3.75V15.85z"></path>
</g>
</svg></div></span></div>

Content retrieved from post body:

<div class="wp-block-stackable-icon stk-block-icon has-text-align-left stk-block stk-251c7a4" data-block-id="251c7a4"> <style>                          .stk-251c7a4 {                            padding-top: 0px !important;                            padding-right: 0px !important;                            padding-bottom: 0px !important;                            padding-left: 0px !important;                            margin-top: -34px !important;                            margin-bottom: 8px !important;                          }                          .stk-251c7a4                            .stk--svg-wrapper                            .stk--inner-svg                            svg:last-child {                            height: 36px !important;                            width: 36px !important;                          }                          .stk-251c7a4                            .stk--svg-wrapper                            .stk--inner-svg                            svg:last-child,                          .stk-251c7a4                            .stk--svg-wrapper                            .stk--inner-svg                            svg:last-child                            :is(g, path, rect, polygon, ellipse) {                            fill: #0277c0 !important;                          }                          @media screen and (max-width: 767px) {                            .stk-251c7a4 {                              margin-top: -26px !important;                            }                          }</style><span class="stk--svg-wrapper"><div class="stk--inner-svg"><svg style="height:0;width:0"><defs><linearGradient id="linear-gradient-251c7a4" x1="0" x2="100%" y1="0" y2="0"><stop offset="0%" style="stop-opacity:1;stop-color:var(--linear-gradient-251-c-7-a-4-color-1)"></stop><stop offset="100%" style="stop-opacity:1;stop-color:var(--linear-gradient-251-c-7-a-4-color-2)"></stop></linearGradient></defs></svg><svg class="ugb-custom-icon" xmlns="http://www.w3.org/2000/svg" xmlns:xlink="http://www.w3.org/1999/xlink" version="1.1" id="Layer_1" x="0px" y="0px" viewBox="0 0 19.53 15.85" style="enable-background:new 0 0 19.53 15.85" xml:space="preserve" aria-hidden="true" width="32" height="32"> <style type="text/css">	.st0{fill:#0776BB;}</style> <g id="Quote_Top_00000065754973582463273300000007695530857758290098_"><path class="st0" d="M8.6,15.85H1.1C0.37,13.48,0,11,0,8.44S0.68,3.83,2.04,2.3C3.4,0.77,5.41,0,8.09,0v3.62 c-2.16,0-3.23,1.32-3.23,3.95V8.8H8.6V15.85z M19.53,15.85h-7.5c-0.74-2.37-1.1-4.84-1.1-7.41s0.68-4.61,2.04-6.14 C14.33,0.77,16.34,0,19.02,0v3.62c-2.16,0-3.23,1.32-3.23,3.95V8.8h3.75V15.85z"></path></g></svg></div></span></div>
console.<computed> @ console.js:32
(anonymous) @ blocks.min.js?ver=84530c06a3c62815b497:19
(anonymous) @ blocks.min.js?ver=84530c06a3c62815b497:19
fo @ blocks.min.js?ver=84530c06a3c62815b497:19
(anonymous) @ blocks.min.js?ver=84530c06a3c62815b497:19
fo @ blocks.min.js?ver=84530c06a3c62815b497:19
(anonymous) @ blocks.min.js?ver=84530c06a3c62815b497:19
fo @ blocks.min.js?ver=84530c06a3c62815b497:19
(anonymous) @ blocks.min.js?ver=84530c06a3c62815b497:19
fo @ blocks.min.js?ver=84530c06a3c62815b497:19
(anonymous) @ blocks.min.js?ver=84530c06a3c62815b497:19
fo @ blocks.min.js?ver=84530c06a3c62815b497:19
(anonymous) @ blocks.min.js?ver=84530c06a3c62815b497:19
fo @ blocks.min.js?ver=84530c06a3c62815b497:19
(anonymous) @ blocks.min.js?ver=84530c06a3c62815b497:19
ho @ blocks.min.js?ver=84530c06a3c62815b497:19
(anonymous) @ core-data.min.js?ver=64479bc080c558e99158:2
Wt @ react-dom.min.js?ver=18.3.1.1:10
e.useMemo @ react.min.js?ver=18.3.1.1:10
An @ core-data.min.js?ver=64479bc080c558e99158:2
(anonymous) @ editor.min.js?ver=e143f7bc0f4773342f31:14
(anonymous) @ editor.min.js?ver=e143f7bc0f4773342f31:14
ht @ react-dom.min.js?ver=18.3.1.1:10
vr @ react-dom.min.js?ver=18.3.1.1:10
Qs @ react-dom.min.js?ver=18.3.1.1:10
wl @ react-dom.min.js?ver=18.3.1.1:10
bl @ react-dom.min.js?ver=18.3.1.1:10
yl @ react-dom.min.js?ver=18.3.1.1:10
fl @ react-dom.min.js?ver=18.3.1.1:10
Nn @ react-dom.min.js?ver=18.3.1.1:10
pl @ react-dom.min.js?ver=18.3.1.1:10
V @ react-dom.min.js?ver=18.3.1.1:10
Je @ react-dom.min.js?ver=18.3.1.1:10
pe @ react-dom.min.js?ver=18.3.1.1:10
fe @ react-dom.min.js?ver=18.3.1.1:10Understand this error
console.js:32 Block validation: Expected attribute `d` of value `M8.6,15.85H1.1C0.37,13.48,0,11,0,8.44S0.68,3.83,2.04,2.3C3.4,0.77,5.41,0,8.09,0v3.62   c-2.16,0-3.23,1.32-3.23,3.95V8.8H8.6V15.85z M19.53,15.85h-7.5c-0.74-2.37-1.1-4.84-1.1-7.41s0.68-4.61,2.04-6.14   C14.33,0.77,16.34,0,19.02,0v3.62c-2.16,0-3.23,1.32-3.23,3.95V8.8h3.75V15.85z`, saw `M8.6,15.85H1.1C0.37,13.48,0,11,0,8.44S0.68,3.83,2.04,2.3C3.4,0.77,5.41,0,8.09,0v3.62 c-2.16,0-3.23,1.32-3.23,3.95V8.8H8.6V15.85z M19.53,15.85h-7.5c-0.74-2.37-1.1-4.84-1.1-7.41s0.68-4.61,2.04-6.14 C14.33,0.77,16.34,0,19.02,0v3.62c-2.16,0-3.23,1.32-3.23,3.95V8.8h3.75V15.85z`.
console.<computed> @ console.js:32
(anonymous) @ blocks.min.js?ver=84530c06a3c62815b497:19
(anonymous) @ blocks.min.js?ver=84530c06a3c62815b497:19
fo @ blocks.min.js?ver=84530c06a3c62815b497:19
(anonymous) @ blocks.min.js?ver=84530c06a3c62815b497:19
fo @ blocks.min.js?ver=84530c06a3c62815b497:19
(anonymous) @ blocks.min.js?ver=84530c06a3c62815b497:19
fo @ blocks.min.js?ver=84530c06a3c62815b497:19
(anonymous) @ blocks.min.js?ver=84530c06a3c62815b497:19
fo @ blocks.min.js?ver=84530c06a3c62815b497:19
(anonymous) @ blocks.min.js?ver=84530c06a3c62815b497:19
fo @ blocks.min.js?ver=84530c06a3c62815b497:19
(anonymous) @ blocks.min.js?ver=84530c06a3c62815b497:19
fo @ blocks.min.js?ver=84530c06a3c62815b497:19
(anonymous) @ blocks.min.js?ver=84530c06a3c62815b497:19
ho @ blocks.min.js?ver=84530c06a3c62815b497:19
(anonymous) @ core-data.min.js?ver=64479bc080c558e99158:2
Wt @ react-dom.min.js?ver=18.3.1.1:10
e.useMemo @ react.min.js?ver=18.3.1.1:10
An @ core-data.min.js?ver=64479bc080c558e99158:2
(anonymous) @ editor.min.js?ver=e143f7bc0f4773342f31:14
(anonymous) @ editor.min.js?ver=e143f7bc0f4773342f31:14
ht @ react-dom.min.js?ver=18.3.1.1:10
vr @ react-dom.min.js?ver=18.3.1.1:10
Qs @ react-dom.min.js?ver=18.3.1.1:10
wl @ react-dom.min.js?ver=18.3.1.1:10
bl @ react-dom.min.js?ver=18.3.1.1:10
yl @ react-dom.min.js?ver=18.3.1.1:10
fl @ react-dom.min.js?ver=18.3.1.1:10
Nn @ react-dom.min.js?ver=18.3.1.1:10
pl @ react-dom.min.js?ver=18.3.1.1:10
V @ react-dom.min.js?ver=18.3.1.1:10
Je @ react-dom.min.js?ver=18.3.1.1:10
pe @ react-dom.min.js?ver=18.3.1.1:10
fe @ react-dom.min.js?ver=18.3.1.1:10Understand this warning
console.js:32 Block validation: Block validation failed for `stackable/icon` ({name: 'stackable/icon', icon: {…}, keywords: Array(1), attributes: {…}, providesContext: {…}, …}).

Content generated by `save` function:

<div class="wp-block-stackable-icon stk-block-icon has-text-align-left stk-block stk-45b402a" data-block-id="45b402a"><style>                          .stk-45b402a {                            padding-top: 0px !important;                            padding-right: 0px !important;                            padding-bottom: 0px !important;                            padding-left: 0px !important;                            margin-top: -34px !important;                            margin-bottom: 8px !important;                          }                          .stk-45b402a                            .stk--svg-wrapper                            .stk--inner-svg                            svg:last-child {                            height: 36px !important;                            width: 36px !important;                          }                          .stk-45b402a                            .stk--svg-wrapper                            .stk--inner-svg                            svg:last-child,                          .stk-45b402a                            .stk--svg-wrapper                            .stk--inner-svg                            svg:last-child                            :is(g, path, rect, polygon, ellipse) {                            fill: #0277c0 !important;                          }                          @media screen and (max-width: 767px) {                            .stk-45b402a {                              margin-top: -26px !important;                            }                          }</style><span class="stk--svg-wrapper"><div class="stk--inner-svg"><svg style="height:0;width:0"><defs><linearGradient id="linear-gradient-45b402a" x1="0" x2="100%" y1="0" y2="0"><stop offset="0%" style="stop-opacity:1;stop-color:var(--linear-gradient-45-b-402-a-color-1)"></stop><stop offset="100%" style="stop-opacity:1;stop-color:var(--linear-gradient-45-b-402-a-color-2)"></stop></linearGradient></defs></svg><svg class="ugb-custom-icon" xmlns="http://www.w3.org/2000/svg" xmlns:xlink="http://www.w3.org/1999/xlink" version="1.1" id="Layer_1" x="0px" y="0px" viewBox="0 0 19.53 15.85" style="enable-background:new 0 0 19.53 15.85;" xml:space="preserve" aria-hidden="true" width="32" height="32">
<style type="text/css">
	.st0{fill:#0776BB;}
</style>
<g id="Quote_Top_00000065754973582463273300000007695530857758290098_">
	<path class="st0" d="M8.6,15.85H1.1C0.37,13.48,0,11,0,8.44S0.68,3.83,2.04,2.3C3.4,0.77,5.41,0,8.09,0v3.62   c-2.16,0-3.23,1.32-3.23,3.95V8.8H8.6V15.85z M19.53,15.85h-7.5c-0.74-2.37-1.1-4.84-1.1-7.41s0.68-4.61,2.04-6.14   C14.33,0.77,16.34,0,19.02,0v3.62c-2.16,0-3.23,1.32-3.23,3.95V8.8h3.75V15.85z"></path>
</g>
</svg></div></span></div>

Content retrieved from post body:

<div class="wp-block-stackable-icon stk-block-icon has-text-align-left stk-block stk-45b402a" data-block-id="45b402a"> <style>                          .stk-45b402a {                            padding-top: 0px !important;                            padding-right: 0px !important;                            padding-bottom: 0px !important;                            padding-left: 0px !important;                            margin-top: -34px !important;                            margin-bottom: 8px !important;                          }                          .stk-45b402a                            .stk--svg-wrapper                            .stk--inner-svg                            svg:last-child {                            height: 36px !important;                            width: 36px !important;                          }                          .stk-45b402a                            .stk--svg-wrapper                            .stk--inner-svg                            svg:last-child,                          .stk-45b402a                            .stk--svg-wrapper                            .stk--inner-svg                            svg:last-child                            :is(g, path, rect, polygon, ellipse) {                            fill: #0277c0 !important;                          }                          @media screen and (max-width: 767px) {                            .stk-45b402a {                              margin-top: -26px !important;                            }                          }</style><span class="stk--svg-wrapper"><div class="stk--inner-svg"><svg style="height:0;width:0"><defs><linearGradient id="linear-gradient-45b402a" x1="0" x2="100%" y1="0" y2="0"><stop offset="0%" style="stop-opacity:1;stop-color:var(--linear-gradient-45-b-402-a-color-1)"></stop><stop offset="100%" style="stop-opacity:1;stop-color:var(--linear-gradient-45-b-402-a-color-2)"></stop></linearGradient></defs></svg><svg class="ugb-custom-icon" xmlns="http://www.w3.org/2000/svg" xmlns:xlink="http://www.w3.org/1999/xlink" version="1.1" id="Layer_1" x="0px" y="0px" viewBox="0 0 19.53 15.85" style="enable-background:new 0 0 19.53 15.85" xml:space="preserve" aria-hidden="true" width="32" height="32"> <style type="text/css">	.st0{fill:#0776BB;}</style> <g id="Quote_Top_00000065754973582463273300000007695530857758290098_"><path class="st0" d="M8.6,15.85H1.1C0.37,13.48,0,11,0,8.44S0.68,3.83,2.04,2.3C3.4,0.77,5.41,0,8.09,0v3.62 c-2.16,0-3.23,1.32-3.23,3.95V8.8H8.6V15.85z M19.53,15.85h-7.5c-0.74-2.37-1.1-4.84-1.1-7.41s0.68-4.61,2.04-6.14 C14.33,0.77,16.34,0,19.02,0v3.62c-2.16,0-3.23,1.32-3.23,3.95V8.8h3.75V15.85z"></path></g></svg></div></span></div>
console.<computed> @ console.js:32
(anonymous) @ blocks.min.js?ver=84530c06a3c62815b497:19
(anonymous) @ blocks.min.js?ver=84530c06a3c62815b497:19
fo @ blocks.min.js?ver=84530c06a3c62815b497:19
(anonymous) @ blocks.min.js?ver=84530c06a3c62815b497:19
fo @ blocks.min.js?ver=84530c06a3c62815b497:19
(anonymous) @ blocks.min.js?ver=84530c06a3c62815b497:19
fo @ blocks.min.js?ver=84530c06a3c62815b497:19
(anonymous) @ blocks.min.js?ver=84530c06a3c62815b497:19
fo @ blocks.min.js?ver=84530c06a3c62815b497:19
(anonymous) @ blocks.min.js?ver=84530c06a3c62815b497:19
fo @ blocks.min.js?ver=84530c06a3c62815b497:19
(anonymous) @ blocks.min.js?ver=84530c06a3c62815b497:19
fo @ blocks.min.js?ver=84530c06a3c62815b497:19
(anonymous) @ blocks.min.js?ver=84530c06a3c62815b497:19
ho @ blocks.min.js?ver=84530c06a3c62815b497:19
(anonymous) @ core-data.min.js?ver=64479bc080c558e99158:2
Wt @ react-dom.min.js?ver=18.3.1.1:10
e.useMemo @ react.min.js?ver=18.3.1.1:10
An @ core-data.min.js?ver=64479bc080c558e99158:2
(anonymous) @ editor.min.js?ver=e143f7bc0f4773342f31:14
(anonymous) @ editor.min.js?ver=e143f7bc0f4773342f31:14
ht @ react-dom.min.js?ver=18.3.1.1:10
vr @ react-dom.min.js?ver=18.3.1.1:10
Qs @ react-dom.min.js?ver=18.3.1.1:10
wl @ react-dom.min.js?ver=18.3.1.1:10
bl @ react-dom.min.js?ver=18.3.1.1:10
yl @ react-dom.min.js?ver=18.3.1.1:10
fl @ react-dom.min.js?ver=18.3.1.1:10
Nn @ react-dom.min.js?ver=18.3.1.1:10
pl @ react-dom.min.js?ver=18.3.1.1:10
V @ react-dom.min.js?ver=18.3.1.1:10
Je @ react-dom.min.js?ver=18.3.1.1:10
pe @ react-dom.min.js?ver=18.3.1.1:10
fe @ react-dom.min.js?ver=18.3.1.1:10Understand this error
console.js:32 Block validation: Expected attribute `d` of value `M8.6,15.85H1.1C0.37,13.48,0,11,0,8.44S0.68,3.83,2.04,2.3C3.4,0.77,5.41,0,8.09,0v3.62   c-2.16,0-3.23,1.32-3.23,3.95V8.8H8.6V15.85z M19.53,15.85h-7.5c-0.74-2.37-1.1-4.84-1.1-7.41s0.68-4.61,2.04-6.14   C14.33,0.77,16.34,0,19.02,0v3.62c-2.16,0-3.23,1.32-3.23,3.95V8.8h3.75V15.85z`, saw `M8.6,15.85H1.1C0.37,13.48,0,11,0,8.44S0.68,3.83,2.04,2.3C3.4,0.77,5.41,0,8.09,0v3.62 c-2.16,0-3.23,1.32-3.23,3.95V8.8H8.6V15.85z M19.53,15.85h-7.5c-0.74-2.37-1.1-4.84-1.1-7.41s0.68-4.61,2.04-6.14 C14.33,0.77,16.34,0,19.02,0v3.62c-2.16,0-3.23,1.32-3.23,3.95V8.8h3.75V15.85z`.
console.<computed> @ console.js:32
(anonymous) @ blocks.min.js?ver=84530c06a3c62815b497:19
(anonymous) @ blocks.min.js?ver=84530c06a3c62815b497:19
fo @ blocks.min.js?ver=84530c06a3c62815b497:19
(anonymous) @ blocks.min.js?ver=84530c06a3c62815b497:19
fo @ blocks.min.js?ver=84530c06a3c62815b497:19
(anonymous) @ blocks.min.js?ver=84530c06a3c62815b497:19
fo @ blocks.min.js?ver=84530c06a3c62815b497:19
(anonymous) @ blocks.min.js?ver=84530c06a3c62815b497:19
fo @ blocks.min.js?ver=84530c06a3c62815b497:19
(anonymous) @ blocks.min.js?ver=84530c06a3c62815b497:19
fo @ blocks.min.js?ver=84530c06a3c62815b497:19
(anonymous) @ blocks.min.js?ver=84530c06a3c62815b497:19
fo @ blocks.min.js?ver=84530c06a3c62815b497:19
(anonymous) @ blocks.min.js?ver=84530c06a3c62815b497:19
ho @ blocks.min.js?ver=84530c06a3c62815b497:19
(anonymous) @ core-data.min.js?ver=64479bc080c558e99158:2
Wt @ react-dom.min.js?ver=18.3.1.1:10
e.useMemo @ react.min.js?ver=18.3.1.1:10
An @ core-data.min.js?ver=64479bc080c558e99158:2
(anonymous) @ editor.min.js?ver=e143f7bc0f4773342f31:14
(anonymous) @ editor.min.js?ver=e143f7bc0f4773342f31:14
ht @ react-dom.min.js?ver=18.3.1.1:10
vr @ react-dom.min.js?ver=18.3.1.1:10
Qs @ react-dom.min.js?ver=18.3.1.1:10
wl @ react-dom.min.js?ver=18.3.1.1:10
bl @ react-dom.min.js?ver=18.3.1.1:10
yl @ react-dom.min.js?ver=18.3.1.1:10
fl @ react-dom.min.js?ver=18.3.1.1:10
Nn @ react-dom.min.js?ver=18.3.1.1:10
pl @ react-dom.min.js?ver=18.3.1.1:10
V @ react-dom.min.js?ver=18.3.1.1:10
Je @ react-dom.min.js?ver=18.3.1.1:10
pe @ react-dom.min.js?ver=18.3.1.1:10
fe @ react-dom.min.js?ver=18.3.1.1:10Understand this warning
console.js:32 Block validation: Block validation failed for `stackable/icon` ({name: 'stackable/icon', icon: {…}, keywords: Array(1), attributes: {…}, providesContext: {…}, …}).

Content generated by `save` function:

<div class="wp-block-stackable-icon stk-block-icon has-text-align-left stk-block stk-79a535d" data-block-id="79a535d"><style>                          .stk-79a535d {                            padding-top: 0px !important;                            padding-right: 0px !important;                            padding-bottom: 0px !important;                            padding-left: 0px !important;                            margin-top: -34px !important;                            margin-bottom: 8px !important;                          }                          .stk-79a535d                            .stk--svg-wrapper                            .stk--inner-svg                            svg:last-child {                            height: 36px !important;                            width: 36px !important;                          }                          .stk-79a535d                            .stk--svg-wrapper                            .stk--inner-svg                            svg:last-child,                          .stk-79a535d                            .stk--svg-wrapper                            .stk--inner-svg                            svg:last-child                            :is(g, path, rect, polygon, ellipse) {                            fill: #0277c0 !important;                          }                          @media screen and (max-width: 767px) {                            .stk-79a535d {                              margin-top: -26px !important;                            }                          }</style><span class="stk--svg-wrapper"><div class="stk--inner-svg"><svg style="height:0;width:0"><defs><linearGradient id="linear-gradient-79a535d" x1="0" x2="100%" y1="0" y2="0"><stop offset="0%" style="stop-opacity:1;stop-color:var(--linear-gradient-79-a-535-d-color-1)"></stop><stop offset="100%" style="stop-opacity:1;stop-color:var(--linear-gradient-79-a-535-d-color-2)"></stop></linearGradient></defs></svg><svg class="ugb-custom-icon" xmlns="http://www.w3.org/2000/svg" xmlns:xlink="http://www.w3.org/1999/xlink" version="1.1" id="Layer_1" x="0px" y="0px" viewBox="0 0 19.53 15.85" style="enable-background:new 0 0 19.53 15.85;" xml:space="preserve" aria-hidden="true" width="32" height="32">
<style type="text/css">
	.st0{fill:#0776BB;}
</style>
<g id="Quote_Top_00000065754973582463273300000007695530857758290098_">
	<path class="st0" d="M8.6,15.85H1.1C0.37,13.48,0,11,0,8.44S0.68,3.83,2.04,2.3C3.4,0.77,5.41,0,8.09,0v3.62   c-2.16,0-3.23,1.32-3.23,3.95V8.8H8.6V15.85z M19.53,15.85h-7.5c-0.74-2.37-1.1-4.84-1.1-7.41s0.68-4.61,2.04-6.14   C14.33,0.77,16.34,0,19.02,0v3.62c-2.16,0-3.23,1.32-3.23,3.95V8.8h3.75V15.85z"></path>
</g>
</svg></div></span></div>

Content retrieved from post body:

<div class="wp-block-stackable-icon stk-block-icon has-text-align-left stk-block stk-79a535d" data-block-id="79a535d"> <style>                          .stk-79a535d {                            padding-top: 0px !important;                            padding-right: 0px !important;                            padding-bottom: 0px !important;                            padding-left: 0px !important;                            margin-top: -34px !important;                            margin-bottom: 8px !important;                          }                          .stk-79a535d                            .stk--svg-wrapper                            .stk--inner-svg                            svg:last-child {                            height: 36px !important;                            width: 36px !important;                          }                          .stk-79a535d                            .stk--svg-wrapper                            .stk--inner-svg                            svg:last-child,                          .stk-79a535d                            .stk--svg-wrapper                            .stk--inner-svg                            svg:last-child                            :is(g, path, rect, polygon, ellipse) {                            fill: #0277c0 !important;                          }                          @media screen and (max-width: 767px) {                            .stk-79a535d {                              margin-top: -26px !important;                            }                          }</style><span class="stk--svg-wrapper"><div class="stk--inner-svg"><svg style="height:0;width:0"><defs><linearGradient id="linear-gradient-79a535d" x1="0" x2="100%" y1="0" y2="0"><stop offset="0%" style="stop-opacity:1;stop-color:var(--linear-gradient-79-a-535-d-color-1)"></stop><stop offset="100%" style="stop-opacity:1;stop-color:var(--linear-gradient-79-a-535-d-color-2)"></stop></linearGradient></defs></svg><svg class="ugb-custom-icon" xmlns="http://www.w3.org/2000/svg" xmlns:xlink="http://www.w3.org/1999/xlink" version="1.1" id="Layer_1" x="0px" y="0px" viewBox="0 0 19.53 15.85" style="enable-background:new 0 0 19.53 15.85" xml:space="preserve" aria-hidden="true" width="32" height="32"> <style type="text/css">	.st0{fill:#0776BB;}</style> <g id="Quote_Top_00000065754973582463273300000007695530857758290098_"><path class="st0" d="M8.6,15.85H1.1C0.37,13.48,0,11,0,8.44S0.68,3.83,2.04,2.3C3.4,0.77,5.41,0,8.09,0v3.62 c-2.16,0-3.23,1.32-3.23,3.95V8.8H8.6V15.85z M19.53,15.85h-7.5c-0.74-2.37-1.1-4.84-1.1-7.41s0.68-4.61,2.04-6.14 C14.33,0.77,16.34,0,19.02,0v3.62c-2.16,0-3.23,1.32-3.23,3.95V8.8h3.75V15.85z"></path></g></svg></div></span></div>